// Jest Snapshot v1, https://goo.gl/fbAQLP

exports[`renders correctly: no props 1`] = `
<div
  className="App"
>
  <div
    className="error-message"
  >
    Oops, something went wrong!
  </div>
</div>
`;
