// Jest Snapshot v1, https://goo.gl/fbAQLP

exports[`renders correctly: no props 1`] = `
<div
  className="row"
>
  <ul
    className="list "
  />
</div>
`;
